This is XeTeX, Version 3.141592653-2.6-0.999993 (MiKTeX 22.1) (preloaded format=xelatex 2025.11.30)  2 OCT 2026 15:18
entering extended mode
 restricted \write18 enabled.
 file:line:error style messages enabled.
 %&-line parsing enabled.
**"/Users/mamads/Documents/thisses/git/report/Report -PointNet meets Self-Attention Graph Pooling - A Synergistic Approach to Point Cloud Classification/report_updated.tex"
(/Users/mamads/Documents/thisses/git/report/Report -PointNet meets Self-Attention Graph Pooling - A Synergistic Approach to Point Cloud Classification/report_updated.tex
LaTeX2e <2025-11-01>
L3 programming layer <2025-11-06>
(IEEEtran.cls
Document Class: IEEEtran 2015/08/26 V1.8b by Michael Shell
-- See the "IEEEtran_HOWTO" manual for usage information.
-- http://www.michaelshell.org/tex/ieeetran/
\@IEEEtrantmpdimenA=\dimen148
\@IEEEtrantmpdimenB=\dimen149
\@IEEEtrantmpdimenC=\dimen150
\@IEEEtrantmpcountA=\count271
\@IEEEtrantmpcountB=\count272
\@IEEEtrantmpcountC=\count273
\@IEEEtrantmptoksA=\toks17
LaTeX Font Info:    Trying to load font information for TU+ptm on input line 503.
LaTeX Font Info:    No file TUptm.fd. on input line 503.

LaTeX Font Warning: Font shape `TU/ptm/m/n' undefined
(Font)              using `TU/lmr/m/n' instead on input line 503.

-- Using 8.5in x 11in (letter) paper.
-- Using DVI output.
\@IEEEnormalsizeunitybaselineskip=\dimen151
-- This is a 10 point document.
LaTeX Encoding Info:    Redeclaring text command \textunderscore (encoding ?) on input line 937.
\CLASSINFOnormalsizebaselineskip=\dimen152
\CLASSINFOnormalsizeunitybaselineskip=\dimen153
\IEEEnormaljot=\dimen154

LaTeX Font Warning: Font shape `TU/ptm/bx/n' undefined
(Font)              using `TU/ptm/m/n' instead on input line 1090.


LaTeX Font Warning: Font shape `TU/ptm/m/it' undefined
(Font)              using `TU/ptm/m/n' instead on input line 1090.


LaTeX Font Warning: Font shape `TU/ptm/bx/it' undefined
(Font)              using `TU/ptm/bx/n' instead on input line 1090.

\IEEEquantizedlength=\dimen155
\IEEEquantizedlengthdiff=\dimen156
\IEEEquantizedtextheightdiff=\dimen157
\IEEEilabelindentA=\dimen158
\IEEEilabelindentB=\dimen159
\IEEEilabelindent=\dimen160
\IEEEelabelindent=\dimen161
\IEEEdlabelindent=\dimen162
\IEEElabelindent=\dimen163
\IEEEiednormlabelsep=\dimen164
\IEEEiedmathlabelsep=\dimen165
\IEEEiedtopsep=\skip49
\c@section=\count274
\c@subsection=\count275
\c@subsubsection=\count276
\c@paragraph=\count277
\c@IEEEsubequation=\count278
\abovecaptionskip=\skip50
\belowcaptionskip=\skip51
\c@figure=\count279
\c@table=\count280
\@IEEEeqnnumcols=\count281
\@IEEEeqncolcnt=\count282
\@IEEEsubeqnnumrollback=\count283
\@IEEEquantizeheightA=\dimen166
\@IEEEquantizeheightB=\dimen167
\@IEEEquantizeheightC=\dimen168
\@IEEEquantizeprevdepth=\dimen169
\@IEEEquantizemultiple=\count284
\@IEEEquantizeboxA=\box53
\@IEEEtmpitemindent=\dimen170
\IEEEPARstartletwidth=\dimen171
\c@IEEEbiography=\count285
\@IEEEtranrubishbin=\box54
)
** ATTENTION: Overriding command lockouts (line 2).
(/Users/mamads/Library/Application Support/MiKTeX/texmfs/install/tex/latex/cite/cite.sty
LaTeX Info: Redefining \cite on input line 302.
LaTeX Info: Redefining \nocite on input line 332.
Package: cite 2015/02/27  v 5.5
) (/Library/Application Support/MiKTeX/texmfs/install/tex/latex/amsmath/amsmath.sty
Package: amsmath 2025/07/09 v2.17z AMS math features
\@mathmargin=\skip52

For additional information on amsmath, use the `?' option.
(/Library/Application Support/MiKTeX/texmfs/install/tex/latex/amsmath/amstext.sty
Package: amstext 2024/11/17 v2.01 AMS text
 (/Library/Application Support/MiKTeX/texmfs/install/tex/latex/amsmath/amsgen.sty
File: amsgen.sty 1999/11/30 v2.0 generic functions
\@emptytoks=\toks18
\ex@=\dimen172
)) (/Library/Application Support/MiKTeX/texmfs/install/tex/latex/amsmath/amsbsy.sty
Package: amsbsy 1999/11/29 v1.2d Bold Symbols
\pmbraise@=\dimen173
) (/Library/Application Support/MiKTeX/texmfs/install/tex/latex/amsmath/amsopn.sty
Package: amsopn 2022/04/08 v2.04 operator names
)
\inf@bad=\count286
LaTeX Info: Redefining \frac on input line 233.
\uproot@=\count287
\leftroot@=\count288
LaTeX Info: Redefining \overline on input line 398.
LaTeX Info: Redefining \colon on input line 409.
\classnum@=\count289
\DOTSCASE@=\count290
LaTeX Info: Redefining \ldots on input line 495.
LaTeX Info: Redefining \dots on input line 498.
LaTeX Info: Redefining \cdots on input line 619.
\Mathstrutbox@=\box55
\strutbox@=\box56
LaTeX Info: Redefining \big on input line 721.
LaTeX Info: Redefining \Big on input line 722.
LaTeX Info: Redefining \bigg on input line 723.
LaTeX Info: Redefining \Bigg on input line 724.
\big@size=\dimen174
LaTeX Font Info:    Redeclaring font encoding OML on input line 742.
LaTeX Font Info:    Redeclaring font encoding OMS on input line 743.
\macc@depth=\count291
LaTeX Info: Redefining \bmod on input line 904.
LaTeX Info: Redefining \pmod on input line 909.
LaTeX Info: Redefining \smash on input line 939.
LaTeX Info: Redefining \relbar on input line 969.
LaTeX Info: Redefining \Relbar on input line 970.
\c@MaxMatrixCols=\count292
\dotsspace@=\muskip17
\c@parentequation=\count293
\dspbrk@lvl=\count294
\tag@help=\toks19
\row@=\count295
\column@=\count296
\maxfields@=\count297
\andhelp@=\toks20
\eqnshift@=\dimen175
\alignsep@=\dimen176
\tagshift@=\dimen177
\tagwidth@=\dimen178
\totwidth@=\dimen179
\lineht@=\dimen180
\@envbody=\toks21
\multlinegap=\skip53
\multlinetaggap=\skip54
\mathdisplay@stack=\toks22
LaTeX Info: Redefining \[ on input line 2950.
LaTeX Info: Redefining \] on input line 2951.
) (/Library/Application Support/MiKTeX/texmfs/install/tex/latex/amsfonts/amssymb.sty
Package: amssymb 2013/01/14 v3.01 AMS font symbols
 (/Library/Application Support/MiKTeX/texmfs/install/tex/latex/amsfonts/amsfonts.sty
Package: amsfonts 2013/01/14 v3.01 Basic AMSFonts support
\symAMSa=\mathgroup4
\symAMSb=\mathgroup5
LaTeX Font Info:    Redeclaring math symbol \hbar on input line 98.
LaTeX Font Info:    Overwriting math alphabet `\mathfrak' in version `bold'
(Font)                  U/euf/m/n --> U/euf/b/n on input line 106.
)) (/Users/mamads/Library/Application Support/MiKTeX/texmfs/install/tex/latex/algorithms/algorithmic.sty
Invalid UTF-8 byte or sequence at line 11 replaced by U+FFFD.
Package: algorithmic 2009/08/24 v0.1 Document Style `algorithmic'
 (/Library/Application Support/MiKTeX/texmfs/install/tex/latex/base/ifthen.sty
Package: ifthen 2024/03/16 v1.1e Standard LaTeX ifthen package (DPC)
) (/Library/Application Support/MiKTeX/texmfs/install/tex/latex/graphics/keyval.sty
Package: keyval 2022/05/29 v1.15 key=value parser (DPC)
\KV@toks@=\toks23
)
\c@ALC@unique=\count298
\c@ALC@line=\count299
\c@ALC@rem=\count300
\c@ALC@depth=\count301
\ALC@tlm=\skip55
\algorithmicindent=\skip56
) (/Library/Application Support/MiKTeX/texmfs/install/tex/latex/graphics/graphicx.sty
Package: graphicx 2024/12/31 v1.2e Enhanced LaTeX Graphics (DPC,SPQR)
 (/Library/Application Support/MiKTeX/texmfs/install/tex/latex/graphics/graphics.sty
Package: graphics 2024/08/06 v1.4g Standard LaTeX Graphics (DPC,SPQR)
 (/Library/Application Support/MiKTeX/texmfs/install/tex/latex/graphics/trig.sty
Package: trig 2023/12/02 v1.11 sin cos tan (DPC)
) (/Library/Application Support/MiKTeX/texmfs/install/tex/latex/graphics-cfg/graphics.cfg
File: graphics.cfg 2016/06/04 v1.11 sample graphics configuration
)
Package graphics Info: Driver file: xetex.def on input line 106.
 (/Library/Application Support/MiKTeX/texmfs/install/tex/latex/graphics-def/xetex.def
File: xetex.def 2025/11/01 v5.0p Graphics/color driver for xetex
))
\Gin@req@height=\dimen181
\Gin@req@width=\dimen182
) (/Library/Application Support/MiKTeX/texmfs/install/tex/latex/base/textcomp.sty
Package: textcomp 2024/04/24 v2.1b Standard LaTeX package
) (/Library/Application Support/MiKTeX/texmfs/install/tex/latex/xcolor/xcolor.sty
Package: xcolor 2024/09/29 v3.02 LaTeX color extensions (UK)
 (/Library/Application Support/MiKTeX/texmfs/install/tex/latex/graphics-cfg/color.cfg
File: color.cfg 2016/01/02 v1.6 sample color configuration
)
Package xcolor Info: Driver file: xetex.def on input line 274.
 (/Library/Application Support/MiKTeX/texmfs/install/tex/latex/graphics/mathcolor.ltx)
Package xcolor Info: Model `cmy' substituted by `cmy0' on input line 1349.
Package xcolor Info: Model `RGB' extended on input line 1365.
Package xcolor Info: Model `HTML' substituted by `rgb' on input line 1367.
Package xcolor Info: Model `Hsb' substituted by `hsb' on input line 1368.
Package xcolor Info: Model `tHsb' substituted by `hsb' on input line 1369.
Package xcolor Info: Model `HSB' substituted by `hsb' on input line 1370.
Package xcolor Info: Model `Gray' substituted by `gray' on input line 1371.
Package xcolor Info: Model `wave' substituted by `hsb' on input line 1372.
) (/Users/mamads/Library/Application Support/MiKTeX/texmfs/install/tex/latex/dblfloatfix/dblfloatfix.sty
Package: dblfloatfix 2012/12/31 v1.0a (JAW)
 (/Library/Application Support/MiKTeX/texmfs/install/tex/latex/base/fixltx2e.sty
Package: fixltx2e 2016/12/29 v2.1a fixes to LaTeX (obsolete)
Applying: [2015/01/01] Old fixltx2e package on input line 46.


Package fixltx2e Warning: fixltx2e is not required with releases after 2015
(fixltx2e)                All fixes are now in the LaTeX kernel.
(fixltx2e)                See the latexrelease package for details.

Already applied: [0000/00/00] Old fixltx2e package on input line 53.
)
\@dblbotnum=\count302
\c@dblbotnumber=\count303
) (/Library/Application Support/MiKTeX/texmfs/install/tex/latex/url/url.sty
\Urlmuskip=\muskip18
Package: url 2013/09/16  ver 3.4  Verb mode for urls, etc.
) (/Library/Application Support/MiKTeX/texmfs/install/tex/latex/hyperref/hyperref.sty
Package: hyperref 2025-07-12 v7.01o Hypertext links for LaTeX
 (/Library/Application Support/MiKTeX/texmfs/install/tex/generic/iftex/iftex.sty
Package: iftex 2024/12/12 v1.0g TeX engine tests
) (/Users/mamads/Library/Application Support/MiKTeX/texmfs/install/tex/latex/kvsetkeys/kvsetkeys.sty
Package: kvsetkeys 2022-10-05 v1.19 Key value parser (HO)
) (/Users/mamads/Library/Application Support/MiKTeX/texmfs/install/tex/generic/kvdefinekeys/kvdefinekeys.sty
Package: kvdefinekeys 2019-12-19 v1.6 Define keys (HO)
) (/Users/mamads/Library/Application Support/MiKTeX/texmfs/install/tex/generic/pdfescape/pdfescape.sty
Package: pdfescape 2019/12/09 v1.15 Implements pdfTeX's escape features (HO)
 (/Users/mamads/Library/Application Support/MiKTeX/texmfs/install/tex/generic/ltxcmds/ltxcmds.sty
Package: ltxcmds 2023-12-04 v1.26 LaTeX kernel commands for general use (HO)
) (/Library/Application Support/MiKTeX/texmfs/install/tex/generic/pdftexcmds/pdftexcmds.sty
Package: pdftexcmds 2020-06-27 v0.33 Utility functions of pdfTeX for LuaTeX (HO)
 (/Users/mamads/Library/Application Support/MiKTeX/texmfs/install/tex/generic/infwarerr/infwarerr.sty
Package: infwarerr 2019/12/03 v1.5 Providing info/warning/error messages (HO)
)
Package pdftexcmds Info: \pdf@primitive is available.
Package pdftexcmds Info: \pdf@ifprimitive is available.
Package pdftexcmds Info: \pdfdraftmode not found.
)) (/Users/mamads/Library/Application Support/MiKTeX/texmfs/install/tex/latex/hycolor/hycolor.sty
Package: hycolor 2020-01-27 v1.10 Color options for hyperref/bookmark (HO)
) (/Library/Application Support/MiKTeX/texmfs/install/tex/latex/hyperref/nameref.sty
Package: nameref 2025-06-21 v2.57 Cross-referencing by name of section
 (/Users/mamads/Library/Application Support/MiKTeX/texmfs/install/tex/latex/refcount/refcount.sty
Package: refcount 2019/12/15 v3.6 Data extraction from label references (HO)
) (/Users/mamads/Library/Application Support/MiKTeX/texmfs/install/tex/generic/gettitlestring/gettitlestring.sty
Package: gettitlestring 2019/12/15 v1.6 Cleanup title references (HO)
 (/Users/mamads/Library/Application Support/MiKTeX/texmfs/install/tex/latex/kvoptions/kvoptions.sty
Package: kvoptions 2022-06-15 v3.15 Key value format for package options (HO)
))
\c@section@level=\count304
) (/Library/Application Support/MiKTeX/texmfs/install/tex/latex/etoolbox/etoolbox.sty
Package: etoolbox 2025/10/02 v2.5m e-TeX tools for LaTeX (JAW)
\etb@tempcnta=\count305
) (/Users/mamads/Library/Application Support/MiKTeX/texmfs/install/tex/generic/stringenc/stringenc.sty
Package: stringenc 2019/11/29 v1.12 Convert strings between diff. encodings (HO)
)
\@linkdim=\dimen183
\Hy@linkcounter=\count306
\Hy@pagecounter=\count307
 (/Library/Application Support/MiKTeX/texmfs/install/tex/latex/hyperref/pd1enc.def
File: pd1enc.def 2025-07-12 v7.01o Hyperref: PDFDocEncoding definition (HO)
) (/Users/mamads/Library/Application Support/MiKTeX/texmfs/install/tex/generic/intcalc/intcalc.sty
Package: intcalc 2019/12/15 v1.3 Expandable calculations with integers (HO)
)
\Hy@SavedSpaceFactor=\count308
 (/Library/Application Support/MiKTeX/texmfs/install/tex/latex/hyperref/puenc.def
File: puenc.def 2025-07-12 v7.01o Hyperref: PDF Unicode definition (HO)
)
Package hyperref Info: Hyper figures OFF on input line 4195.
Package hyperref Info: Link nesting OFF on input line 4200.
Package hyperref Info: Hyper index ON on input line 4203.
Package hyperref Info: Plain pages OFF on input line 4210.
Package hyperref Info: Backreferencing OFF on input line 4215.
Package hyperref Info: Implicit mode ON; LaTeX internals redefined.
Package hyperref Info: Bookmarks ON on input line 4462.
\c@Hy@tempcnt=\count309
LaTeX Info: Redefining \url on input line 4801.
\XeTeXLinkMargin=\dimen184
 (/Users/mamads/Library/Application Support/MiKTeX/texmfs/install/tex/generic/bitset/bitset.sty
Package: bitset 2019/12/09 v1.3 Handle bit-vector datatype (HO)
 (/Users/mamads/Library/Application Support/MiKTeX/texmfs/install/tex/generic/bigintcalc/bigintcalc.sty
Package: bigintcalc 2019/12/15 v1.5 Expandable calculations on big integers (HO)
))
\Fld@menulength=\count310
\Field@Width=\dimen185
\Fld@charsize=\dimen186
Package hyperref Info: Hyper figures OFF on input line 6078.
Package hyperref Info: Link nesting OFF on input line 6083.
Package hyperref Info: Hyper index ON on input line 6086.
Package hyperref Info: backreferencing OFF on input line 6093.
Package hyperref Info: Link coloring OFF on input line 6098.
Package hyperref Info: Link coloring with OCG OFF on input line 6103.
Package hyperref Info: PDF/A mode OFF on input line 6108.
\Hy@abspage=\count311
\c@Item=\count312
\c@Hfootnote=\count313
)
Package hyperref Info: Driver (autodetected): hxetex.
 (/Library/Application Support/MiKTeX/texmfs/install/tex/latex/hyperref/hxetex.def
File: hxetex.def 2025-07-12 v7.01o Hyperref driver for XeTeX
\pdfm@box=\box57
\c@Hy@AnnotLevel=\count314
\HyField@AnnotCount=\count315
\Fld@listcount=\count316
\c@bookmark@seq@number=\count317
 (/Users/mamads/Library/Application Support/MiKTeX/texmfs/install/tex/latex/rerunfilecheck/rerunfilecheck.sty
Package: rerunfilecheck 2025-06-21 v1.11 Rerun checks for auxiliary files (HO)
 (/Users/mamads/Library/Application Support/MiKTeX/texmfs/install/tex/generic/uniquecounter/uniquecounter.sty
Package: uniquecounter 2019/12/15 v1.4 Provide unlimited unique counter (HO)
)
Package uniquecounter Info: New unique counter `rerunfilecheck' on input line 284.
)
\Hy@SectionHShift=\skip57
)
Package hyperref Info: Option `colorlinks' set `false' on input line 20.
 (/Library/Application Support/MiKTeX/texmfs/install/tex/latex/l3backend/l3backend-xetex.def
File: l3backend-xetex.def 2025-10-09 L3 backend support: XeTeX
\g__graphics_track_int=\count318
\g__pdfannot_backend_int=\count319
\g__pdfannot_backend_link_int=\count320
) (report_updated.aux)
\openout1 = `report_updated.aux'.

LaTeX Font Info:    Checking defaults for OML/cmm/m/it on input line 24.
LaTeX Font Info:    ... okay on input line 24.
LaTeX Font Info:    Checking defaults for OMS/cmsy/m/n on input line 24.
LaTeX Font Info:    ... okay on input line 24.
LaTeX Font Info:    Checking defaults for OT1/cmr/m/n on input line 24.
LaTeX Font Info:    ... okay on input line 24.
LaTeX Font Info:    Checking defaults for T1/cmr/m/n on input line 24.
LaTeX Font Info:    ... okay on input line 24.
LaTeX Font Info:    Checking defaults for TS1/cmr/m/n on input line 24.
LaTeX Font Info:    ... okay on input line 24.
LaTeX Font Info:    Checking defaults for TU/lmr/m/n on input line 24.
LaTeX Font Info:    ... okay on input line 24.
LaTeX Font Info:    Checking defaults for OMX/cmex/m/n on input line 24.
LaTeX Font Info:    ... okay on input line 24.
LaTeX Font Info:    Checking defaults for U/cmr/m/n on input line 24.
LaTeX Font Info:    ... okay on input line 24.
LaTeX Font Info:    Checking defaults for PD1/pdf/m/n on input line 24.
LaTeX Font Info:    ... okay on input line 24.
LaTeX Font Info:    Checking defaults for PU/pdf/m/n on input line 24.
LaTeX Font Info:    ... okay on input line 24.


LaTeX Font Warning: Font shape `TU/ptm/b/n' undefined
(Font)              using `TU/ptm/bx/n' instead on input line 24.


LaTeX Font Warning: Font shape `TU/ptm/b/it' undefined
(Font)              using `TU/ptm/bx/it' instead on input line 24.


LaTeX Font Warning: Font shape `TU/ptm/b/n' undefined
(Font)              using `TU/ptm/bx/n' instead on input line 24.


LaTeX Font Warning: Font shape `TU/ptm/b/it' undefined
(Font)              using `TU/ptm/bx/it' instead on input line 24.


LaTeX Font Warning: Font shape `TU/ptm/b/n' undefined
(Font)              using `TU/ptm/bx/n' instead on input line 24.


LaTeX Font Warning: Font shape `TU/ptm/b/it' undefined
(Font)              using `TU/ptm/bx/it' instead on input line 24.


LaTeX Font Warning: Font shape `TU/ptm/b/n' undefined
(Font)              using `TU/ptm/bx/n' instead on input line 24.


LaTeX Font Warning: Font shape `TU/ptm/b/it' undefined
(Font)              using `TU/ptm/bx/it' instead on input line 24.


LaTeX Font Warning: Font shape `TU/ptm/b/n' undefined
(Font)              using `TU/ptm/bx/n' instead on input line 24.


LaTeX Font Warning: Font shape `TU/ptm/b/it' undefined
(Font)              using `TU/ptm/bx/it' instead on input line 24.


LaTeX Font Warning: Font shape `TU/ptm/b/n' undefined
(Font)              using `TU/ptm/bx/n' instead on input line 24.


LaTeX Font Warning: Font shape `TU/ptm/b/it' undefined
(Font)              using `TU/ptm/bx/it' instead on input line 24.


LaTeX Font Warning: Font shape `TU/ptm/b/n' undefined
(Font)              using `TU/ptm/bx/n' instead on input line 24.


LaTeX Font Warning: Font shape `TU/ptm/b/it' undefined
(Font)              using `TU/ptm/bx/it' instead on input line 24.


LaTeX Font Warning: Font shape `TU/ptm/b/n' undefined
(Font)              using `TU/ptm/bx/n' instead on input line 24.


LaTeX Font Warning: Font shape `TU/ptm/b/it' undefined
(Font)              using `TU/ptm/bx/it' instead on input line 24.


LaTeX Font Warning: Font shape `TU/ptm/b/n' undefined
(Font)              using `TU/ptm/bx/n' instead on input line 24.


LaTeX Font Warning: Font shape `TU/ptm/b/it' undefined
(Font)              using `TU/ptm/bx/it' instead on input line 24.


LaTeX Font Warning: Font shape `TU/ptm/b/n' undefined
(Font)              using `TU/ptm/bx/n' instead on input line 24.


LaTeX Font Warning: Font shape `TU/ptm/b/it' undefined
(Font)              using `TU/ptm/bx/it' instead on input line 24.

-- Lines per column: 56 (exact).
Package hyperref Info: Link coloring OFF on input line 24.
(report_updated.out) (report_updated.out)
\@outlinefile=\write3
\openout3 = `report_updated.out'.

LaTeX Font Info:    Calculating math sizes for size <11> on input line 53.
LaTeX Font Info:    Trying to load font information for U+msa on input line 53.
 (/Library/Application Support/MiKTeX/texmfs/install/tex/latex/amsfonts/umsa.fd
File: umsa.fd 2013/01/14 v3.01 AMS symbols A
)
LaTeX Font Info:    Trying to load font information for U+msb on input line 53.
 (/Library/Application Support/MiKTeX/texmfs/install/tex/latex/amsfonts/umsb.fd
File: umsb.fd 2013/01/14 v3.01 AMS symbols B
)

LaTeX Font Warning: Font shape `TU/ptm/b/n' undefined
(Font)              using `TU/ptm/bx/n' instead on input line 54.


Underfull \hbox (badness 1400) in paragraph at lines 54--69
\TU/ptm/bx/it/9 to the classification results, thereby enhancing detection
 []


LaTeX Font Warning: Font shape `TU/ptm/b/n' undefined
(Font)              using `TU/ptm/bx/n' instead on input line 73.


LaTeX Font Warning: Font shape `TU/ptm/m/sc' undefined
(Font)              using `TU/ptm/m/n' instead on input line 77.


Underfull \hbox (badness 2012) in paragraph at lines 80--81
\TU/ptm/bx/it/10 including autonomous driving, robotics, virtual and
 []


Underfull \hbox (badness 1383) in paragraph at lines 80--81
\TU/ptm/bx/it/10 augmented reality, and digital heritage. Among the
 []


Underfull \hbox (badness 1354) in paragraph at lines 82--83
\TU/ptm/bx/it/10 on hand-crafted features, voxelization, or multi-view
 []




Underfull \hbox (badness 2837) in paragraph at lines 84--85
\TU/ptm/bx/it/10 for point cloud classification and segmentation by
 []


Underfull \hbox (badness 7649) in paragraph at lines 84--85
\TU/ptm/bx/it/10 processing each point independently with shared
 []


Underfull \hbox (badness 3838) in paragraph at lines 86--87
\TU/ptm/bx/it/10 are explicitly represented. Graph Neural Networks
 []


Underfull \hbox (badness 5431) in paragraph at lines 88--89
\TU/ptm/bx/it/10 eigenvector, harmonic, Katz, load, and PageRank
 []



[1


]
Underfull \hbox (badness 2103) in paragraph at lines 90--91
\TU/ptm/bx/it/10 at capturing local geometric patterns and learning
 []


Underfull \hbox (badness 10000) in paragraph at lines 92--92
 \TU/ptm/bx/it/10 A. Traditional Point Cloud Networks and Their
 []


Underfull \hbox (badness 10000) in paragraph at lines 96--97
[]\TU/ptm/bx/it/10 Another limitation concerns scalability and
 []


Underfull \hbox (badness 1852) in paragraph at lines 96--97
\TU/ptm/bx/it/10 In addition, while PointNet employs transformation
 []


Underfull \hbox (badness 2150) in paragraph at lines 102--103
\TU/ptm/bx/it/10 node and retains only the most informative ones,
 []




Underfull \hbox (badness 4792) in paragraph at lines 112--114
[]\TU/ptm/bx/it/10 To summarize, this paper makes the following
 []


Underfull \hbox (badness 10000) in paragraph at lines 114--115
[]\TU/ptm/bx/it/10 We propose two novel fusion architectures,
 []


Underfull \hbox (badness 3536) in paragraph at lines 114--115
\TU/ptm/bx/it/10 PointNet Features (PointNetBasedGraphPooling),
 []


Underfull \hbox (badness 4441) in paragraph at lines 114--115
\TU/ptm/bx/it/10 which jointly exploit point-wise features from
 []


Underfull \hbox (badness 3219) in paragraph at lines 114--115
\TU/ptm/bx/it/10 PointNet and graph-based representations from
 []


Underfull \hbox (badness 1708) in paragraph at lines 116--117
\TU/ptm/bx/it/10 demonstrating that the proposed fusion models
 []



[2]
Underfull \hbox (badness 3547) in paragraph at lines 122--127
[]\TU/ptm/m/sc/10 Research on 3D point cloud understanding has
 []


Underfull \hbox (badness 1442) in paragraph at lines 130--136
\TU/ptm/m/sc/10 invariance. Despite its simple architecture, PointNet
 []


Underfull \hbox (badness 1448) in paragraph at lines 151--158
\TU/ptm/m/sc/10 work on spectral graph convolutional networks and
 []


Underfull \hbox (badness 2293) in paragraph at lines 151--158
\TU/ptm/m/sc/10 for learning filters in the spectral domain of the
 []




Underfull \hbox (badness 10000) in paragraph at lines 171--171
 \TU/ptm/m/sc/10 C. Fusion of Point-Based and Graph-Based
 []


Underfull \hbox (badness 1509) in paragraph at lines 173--181
[]\TU/ptm/m/sc/10 While point-based and graph-based methods each
 []


Underfull \hbox (badness 10000) in paragraph at lines 182--191
[]\TU/ptm/m/sc/10 Our work follows this line of research but
 []


Underfull \hbox (badness 10000) in paragraph at lines 182--191
\TU/ptm/m/sc/10 focuses on explicit fusion between a PointNet
 []


Underfull \hbox (badness 1371) in paragraph at lines 182--191
\TU/ptm/m/sc/10 backbone and a hierarchical graph pooling network
 []


Underfull \hbox (badness 10000) in paragraph at lines 182--191
\TU/ptm/m/sc/10 (SAGPool). The proposed FeatureConcat and
 []


Underfull \hbox (badness 5817) in paragraph at lines 182--191
\TU/ptm/m/sc/10 while SAGPool contributes hierarchical graph-level
 []


Underfull \hbox (badness 3861) in paragraph at lines 182--191
\TU/ptm/m/sc/10 representations and attention-driven node selection.
 []


Underfull \hbox (badness 6995) in paragraph at lines 194--201
\TU/ptm/m/sc/10 closeness, eigenvector, harmonic, Katz, load, and
 []


Underfull \hbox (badness 2237) in paragraph at lines 194--201
\TU/ptm/m/sc/10 PageRank centralities have been widely studied in
 []


Underfull \hbox (badness 2103) in paragraph at lines 194--201
\TU/ptm/m/sc/10 network analysis [[]13[]], [[]14[]]. They quantify different
 []


Underfull \hbox (badness 2326) in paragraph at lines 202--209
\TU/ptm/m/sc/10 complementary information to raw coordinates and
 []


Underfull \hbox (badness 7133) in paragraph at lines 202--209
\TU/ptm/m/sc/10 learned features. For example, points on object
 []


Underfull \hbox (badness 1694) in paragraph at lines 210--217
\TU/ptm/m/sc/10 that carefully designed fusion of point-wise, graph-
 []



[3]
Underfull \hbox (badness 5460) in paragraph at lines 221--225
\TU/ptm/m/sc/10 limitations of XYZ features. To enhance feature
 []




Underfull \hbox (badness 4595) in paragraph at lines 258--264
[]\TU/ptm/m/sc/10 Eigenvector: Eigenvector centrality (also called
 []



[4]
Underfull \hbox (badness 10000) in paragraph at lines 265--268
[]\TU/ptm/m/sc/10 Harmonic: Harmonic centrality measures the
 []

File: fig1.png Graphic file (type bmp)
<fig1.png>

LaTeX Warning: `!h' float specifier changed to `!ht'.


Underfull \hbox (badness 2547) in paragraph at lines 287--296
\TU/ptm/m/sc/10 scenarios and improving generalization performance.
 []




Underfull \hbox (badness 3148) in paragraph at lines 303--308
[]\TU/ptm/m/sc/10 We selected Point-Net and Self-Attention Graph
 []


Underfull \hbox (badness 10000) in paragraph at lines 311--312
[]\TU/ptm/m/sc/10 In this proposed fusion approach, named
 []


Underfull \hbox (badness 10000) in paragraph at lines 311--312
\TU/ptm/m/sc/10 ”FeatureConcatModel,” we combine the high-level
 []


Underfull \hbox (badness 10000) in paragraph at lines 326--331
[]\TU/ptm/m/sc/10 The ”PointNetBasedGraphPoolingModel” fusion
 []


Underfull \hbox (badness 1509) in paragraph at lines 326--331
\TU/ptm/m/sc/10 To begin, we utilize a set of 10 defined features,
 []



[5]
File: fig2.png Graphic file (type bmp)
<fig2.png>

Overfull \hbox (20.11588pt too wide) in paragraph at lines 334--335
 [][] 
 []


Underfull \hbox (badness 1509) in paragraph at lines 338--339
\TU/ptm/m/sc/10 a 1D convolution, followed by batch normalization.
 []


Underfull \hbox (badness 10000) in paragraph at lines 342--343
[]\TU/ptm/m/sc/10 Experimental evaluations of the
 []


Underfull \hbox (badness 10000) in paragraph at lines 342--343
\TU/ptm/m/sc/10 ”PointNetBasedGraphPoolingModel” approach show
 []


Underfull \hbox (badness 4391) in paragraph at lines 342--343
\TU/ptm/m/sc/10 combining the local feature extraction capabilities
 []


Underfull \hbox (badness 1810) in paragraph at lines 348--349
[]\TU/ptm/m/sc/10 In our implementation, we adopted the PyTorch
 []




Underfull \hbox (badness 1371) in paragraph at lines 356--357
\TU/ptm/m/sc/10 respectively. Due to resource limitations during the
 []

File: fig3.png Graphic file (type bmp)
<fig3.png>
File: fig4.png Graphic file (type bmp)
<fig4.png>

Underfull \hbox (badness 3838) in paragraph at lines 374--381
\TU/ptm/m/sc/10 benchmark in the field of 3D object recognition
 []


Underfull \vbox (badness 10000) has occurred while \output is active []



[6]
Underfull \hbox (badness 1496) in paragraph at lines 382--383
\TU/ptm/m/sc/10 random noise to the point cloud data. This noise
 []


Underfull \hbox (badness 4096) in paragraph at lines 382--383
\TU/ptm/m/sc/10 addition introduced small variations in the point
 []


Underfull \hbox (badness 2680) in paragraph at lines 382--383
\TU/ptm/m/sc/10 the network’s ability to handle noisy input data.
 []




Underfull \hbox (badness 1448) in paragraph at lines 384--390
\TU/ptm/m/sc/10 allowed for an objective assessment of the models’
 []


Underfull \vbox (badness 2277) has occurred while \output is active []



[7]
Underfull \hbox (badness 1509) in paragraph at lines 393--397
\TU/ptm/m/sc/10 investigating the performance of the intersection of
 []


LaTeX Font Warning: Font shape `TU/ptm/b/n' undefined
(Font)              using `TU/ptm/bx/n' instead on input line 424.


LaTeX Font Warning: Font shape `TU/ptm/b/n' undefined
(Font)              using `TU/ptm/bx/n' instead on input line 424.


LaTeX Font Warning: Font shape `TU/ptm/b/n' undefined
(Font)              using `TU/ptm/bx/n' instead on input line 436.


Underfull \hbox (badness 2253) in paragraph at lines 413--450
\TU/ptm/m/sc/10 extraction layer, which significantly influence shape
 []


LaTeX Font Warning: Font shape `TU/ptm/b/n' undefined
(Font)              using `TU/ptm/bx/n' instead on input line 457.


LaTeX Font Warning: Font shape `TU/ptm/b/n' undefined
(Font)              using `TU/ptm/bx/n' instead on input line 457.


LaTeX Font Warning: Font shape `TU/ptm/b/n' undefined
(Font)              using `TU/ptm/bx/n' instead on input line 467.


LaTeX Font Warning: Font shape `TU/ptm/b/n' undefined
(Font)              using `TU/ptm/bx/n' instead on input line 490.


LaTeX Font Warning: Font shape `TU/ptm/b/n' undefined
(Font)              using `TU/ptm/bx/n' instead on input line 490.

File: fig7.png Graphic file (type bmp)
<fig7.png>
File: fig8.png Graphic file (type bmp)
<fig8.png>

Underfull \hbox (badness 10000) in paragraph at lines 518--542
[]\TU/ptm/m/sc/10 Similarly, a feature vector of 10 dimensions,
 []


Underfull \hbox (badness 4752) in paragraph at lines 518--542
\TU/ptm/m/sc/10 information, contributing to improved classification
 []





[8]

LaTeX Font Warning: Font shape `TU/ptm/b/n' undefined
(Font)              using `TU/ptm/bx/n' instead on input line 552.


LaTeX Font Warning: Font shape `TU/ptm/b/n' undefined
(Font)              using `TU/ptm/bx/n' instead on input line 552.


LaTeX Font Warning: Font shape `TU/ptm/b/n' undefined
(Font)              using `TU/ptm/bx/n' instead on input line 552.


LaTeX Font Warning: Font shape `TU/ptm/b/n' undefined
(Font)              using `TU/ptm/bx/n' instead on input line 552.


LaTeX Font Warning: Font shape `TU/ptm/b/n' undefined
(Font)              using `TU/ptm/bx/n' instead on input line 552.


Underfull \hbox (badness 1953) in paragraph at lines 575--583
[]\TU/ptm/m/sc/10 The learning curves in Figs. []3[]–[]6[] show that all
 []


Underfull \hbox (badness 1527) in paragraph at lines 575--583
\TU/ptm/m/sc/10 training loss decreases smoothly and the validation
 []


Underfull \hbox (badness 1910) in paragraph at lines 575--583
\TU/ptm/m/sc/10 their best validation accuracy well before the last
 []





[9]
Underfull \hbox (badness 1442) in paragraph at lines 607--614
\TU/ptm/m/sc/10 the FeatureConcat model, using only XYZ features
 []


Underfull \hbox (badness 7221) in paragraph at lines 607--614
\TU/ptm/m/sc/10 is used as the only graph-derived feature, the
 []


Underfull \hbox (badness 10000) in paragraph at lines 615--623
[]\TU/ptm/m/sc/10 For the PointNetBasedGraphPooling approach,
 []


Underfull \hbox (badness 1496) in paragraph at lines 615--623
\TU/ptm/m/sc/10 the configuration using all features (XYZ plus the
 []


Underfull \hbox (badness 3919) in paragraph at lines 628--633
\TU/ptm/m/sc/10 network stands out as the most compact model
 []


Underfull \hbox (badness 6380) in paragraph at lines 628--633
\TU/ptm/m/sc/10 with approximately $\OT1/cmr/m/n/10 0\OML/cmm/m/it/10 :\OT1/cmr/m/n/10 3$ \TU/ptm/m/sc/10 MB of parameters. The
 []


Underfull \hbox (badness 10000) in paragraph at lines 628--633
\TU/ptm/m/sc/10 two fusion architectures, FeatureConcat and
 []


Underfull \hbox (badness 1584) in paragraph at lines 628--633
\TU/ptm/m/sc/10 PointNetBasedGraphPooling, require $\OT1/cmr/m/n/10 11\OML/cmm/m/it/10 :\OT1/cmr/m/n/10 418$ \TU/ptm/m/sc/10 MB and
 []




Underfull \hbox (badness 2717) in paragraph at lines 643--650
\OT1/cmr/m/n/10 88\OML/cmm/m/it/10 :\OT1/cmr/m/n/10 20%$ \TU/ptm/m/sc/10 when using XYZ and harmonic centrality.
 []


Underfull \hbox (badness 2253) in paragraph at lines 651--659
[]\TU/ptm/m/sc/10 Regarding generalization, these results show that
 []


Underfull \hbox (badness 6173) in paragraph at lines 651--659
\TU/ptm/m/sc/10 combining PointNet and SAGPool features in a
 []


Underfull \hbox (badness 1852) in paragraph at lines 651--659
\TU/ptm/m/sc/10 single fusion architecture yields a better accuracy–
 []


Underfull \hbox (badness 10000) in paragraph at lines 651--659
\TU/ptm/m/sc/10 complexity trade-off than either baseline alone.
 []


Underfull \hbox (badness 1558) in paragraph at lines 651--659
\TU/ptm/m/sc/10 model on ModelNet10, while FeatureConcat slightly
 []


Underfull \hbox (badness 10000) in paragraph at lines 651--659
\TU/ptm/m/sc/10 dominates on ModelNet40. Hierarchical SAGPool,
 []


Underfull \hbox (badness 3302) in paragraph at lines 662--663
\TU/ptm/m/sc/10 incorporating graph-based representations and node
 []


Underfull \hbox (badness 1983) in paragraph at lines 662--663
\TU/ptm/m/sc/10 centralities. Two baseline approaches, PointNet and
 []


Underfull \hbox (badness 10000) in paragraph at lines 664--665
\TU/ptm/m/sc/10 node centralities—such as betweenness, closeness,
 []


Underfull \hbox (badness 5431) in paragraph at lines 664--665
\TU/ptm/m/sc/10 Katz, PageRank, eigenvector, harmonic, and load
 []


Underfull \hbox (badness 3229) in paragraph at lines 664--665
\TU/ptm/m/sc/10 were explicitly represented. The addition of these
 []


Underfull \hbox (badness 7576) in paragraph at lines 666--667
[]\TU/ptm/m/sc/10 The proposed fusion approaches, FeatureConcat
 []


Underfull \hbox (badness 5771) in paragraph at lines 666--667
\TU/ptm/m/sc/10 and PointNetBasedGraphPooling, showed significant
 []


Underfull \hbox (badness 10000) in paragraph at lines 666--667
\TU/ptm/m/sc/10 improvements in classification performance. By
 []



[10]
Underfull \hbox (badness 1478) in paragraph at lines 668--669
\TU/ptm/m/sc/10 cloud classification. The proposed fusion approaches
 []


Underfull \hbox (badness 2556) in paragraph at lines 677--679
\TU/ptm/m/sc/10 proposed fusion approaches, FeatureConcat and
 []


Underfull \hbox (badness 1509) in paragraph at lines 677--679
\TU/ptm/m/sc/10 efficiency. Optimizing these details will lead to
 []


Underfull \hbox (badness 3108) in paragraph at lines 677--679
\TU/ptm/m/sc/10 is available at the []this link[]. Researchers are
 []




Underfull \hbox (badness 10000) in paragraph at lines 701--702
[]\TU/ptm/m/sc/8 M. Defferrard, X. Bresson, and P. Vandergheynst,
 []


Underfull \hbox (badness 6575) in paragraph at lines 701--702
\TU/ptm/m/sc/8 spectral filtering,” in Advances in Neural Information
 []


Underfull \hbox (badness 2326) in paragraph at lines 703--704
[]\TU/ptm/m/sc/8 D. K. Hammond, P. Vandergheynst, and R. Gribonval,
 []


** Conference Paper **
Before submitting the final camera ready copy, remember to:

 1. Manually equalize the lengths of two columns on the last page
 of your paper;

 2. Ensure that any PostScript and/or PDF output post-processing
 uses only Type 1 fonts and that every step in the generation
 process uses the appropriate paper size.



[11] (report_updated.aux)
 ***********
LaTeX2e <2025-11-01>
L3 programming layer <2025-11-06>
 ***********


LaTeX Font Warning: Some font shapes were not available, defaults substituted.

Package rerunfilecheck Info: File `report_updated.out' has not changed.
(rerunfilecheck)             Checksum: 5A33D30A674199AEF23F0AA2A1562A30;4786.
 ) 
Here is how much of TeX's memory you used:
 10917 strings out of 404957
 167275 string characters out of 5480848
 613725 words of memory out of 5000000
 39389 multiletter control sequences out of 15000+600000
 635803 words of font info for 84 fonts, out of 8000000 for 9000
 0 hyphenation exceptions out of 8191
 72i,11n,79p,1071b,451s stack positions out of 10000i,1000n,20000p,200000b,200000s

Output written on report_updated.xdv (11 pages, 497284 bytes).
