\BOOKMARK [1][-]{section.1}{\376\377\000I\000n\000t\000r\000o\000d\000u\000c\000t\000i\000o\000n}{}% 1
\BOOKMARK [2][-]{subsection.1.1}{\376\377\000T\000r\000a\000d\000i\000t\000i\000o\000n\000a\000l\000\040\000P\000o\000i\000n\000t\000\040\000C\000l\000o\000u\000d\000\040\000N\000e\000t\000w\000o\000r\000k\000s\000\040\000a\000n\000d\000\040\000T\000h\000e\000i\000r\000\040\000L\000i\000m\000i\000t\000a\000t\000i\000o\000n\000s}{section.1}% 2
\BOOKMARK [2][-]{subsection.1.2}{\376\377\000G\000r\000a\000p\000h\000-\000B\000a\000s\000e\000d\000\040\000M\000e\000t\000h\000o\000d\000s\000\040\000a\000n\000d\000\040\000S\000A\000G\000P\000o\000o\000l\000\040\000A\000r\000c\000h\000i\000t\000e\000c\000t\000u\000r\000e}{section.1}% 3
\BOOKMARK [2][-]{subsection.1.3}{\376\377\000M\000o\000t\000i\000v\000a\000t\000i\000o\000n\000\040\000f\000o\000r\000\040\000F\000u\000s\000i\000o\000n\000\040\000A\000p\000p\000r\000o\000a\000c\000h\000e\000s}{section.1}% 4
\BOOKMARK [2][-]{subsection.1.4}{\376\377\000C\000o\000n\000t\000r\000i\000b\000u\000t\000i\000o\000n\000s}{section.1}% 5
\BOOKMARK [1][-]{section.2}{\376\377\000R\000e\000l\000a\000t\000e\000d\000\040\000W\000o\000r\000k\000s}{}% 6
\BOOKMARK [2][-]{subsection.2.1}{\376\377\000P\000o\000i\000n\000t\000-\000B\000a\000s\000e\000d\000\040\000D\000e\000e\000p\000\040\000N\000e\000t\000w\000o\000r\000k\000s\000\040\000f\000o\000r\000\040\000P\000o\000i\000n\000t\000\040\000C\000l\000o\000u\000d\000s}{section.2}% 7
\BOOKMARK [2][-]{subsection.2.2}{\376\377\000G\000r\000a\000p\000h\000-\000B\000a\000s\000e\000d\000\040\000M\000e\000t\000h\000o\000d\000s\000\040\000a\000n\000d\000\040\000P\000o\000o\000l\000i\000n\000g\000\040\000o\000n\000\040\000P\000o\000i\000n\000t\000\040\000C\000l\000o\000u\000d\000s}{section.2}% 8
\BOOKMARK [2][-]{subsection.2.3}{\376\377\000F\000u\000s\000i\000o\000n\000\040\000o\000f\000\040\000P\000o\000i\000n\000t\000-\000B\000a\000s\000e\000d\000\040\000a\000n\000d\000\040\000G\000r\000a\000p\000h\000-\000B\000a\000s\000e\000d\000\040\000R\000e\000p\000r\000e\000s\000e\000n\000t\000a\000t\000i\000o\000n\000s}{section.2}% 9
\BOOKMARK [2][-]{subsection.2.4}{\376\377\000C\000e\000n\000t\000r\000a\000l\000i\000t\000y\000\040\000M\000e\000a\000s\000u\000r\000e\000s\000\040\000a\000n\000d\000\040\000G\000r\000a\000p\000h\000-\000D\000e\000r\000i\000v\000e\000d\000\040\000F\000e\000a\000t\000u\000r\000e\000s}{section.2}% 10
\BOOKMARK [1][-]{section.3}{\376\377\000P\000R\000O\000P\000O\000S\000E\000D\000\040\000A\000P\000P\000R\000O\000A\000C\000H\000E\000S}{}% 11
\BOOKMARK [2][-]{subsection.3.1}{\376\377\000F\000e\000a\000t\000u\000r\000e\000\040\000E\000n\000g\000i\000n\000e\000e\000r\000i\000n\000g\000\040}{section.3}% 12
\BOOKMARK [2][-]{subsection.3.2}{\376\377\000F\000e\000a\000t\000u\000r\000e\000\040\000C\000o\000n\000c\000a\000t\000e\000n\000a\000t\000i\000o\000n\000\040\000A\000p\000p\000r\000o\000a\000c\000h}{section.3}% 13
\BOOKMARK [2][-]{subsection.3.3}{\376\377\000G\000r\000a\000p\000h\000\040\000C\000l\000a\000s\000s\000i\000f\000i\000c\000a\000t\000i\000o\000n\000\040\000b\000a\000s\000e\000d\000\040\000o\000n\000\040\000P\000o\000i\000n\000t\000N\000e\000t\000\040\000F\000e\000a\000t\000u\000r\000e\000s}{section.3}% 14
\BOOKMARK [1][-]{section.4}{\376\377\000E\000X\000P\000E\000R\000I\000M\000E\000N\000T\000S\000\040\000A\000N\000D\000\040\000R\000E\000S\000U\000L\000T\000S}{}% 15
\BOOKMARK [2][-]{subsection.4.1}{\376\377\000I\000m\000p\000l\000e\000m\000e\000n\000t\000a\000t\000i\000o\000n\000\040\000d\000e\000t\000a\000i\000l\000s\000\040\000a\000n\000d\000\040\000h\000y\000p\000e\000r\000-\000p\000a\000r\000a\000m\000e\000t\000e\000r\000s}{section.4}% 16
\BOOKMARK [2][-]{subsection.4.2}{\376\377\000D\000a\000t\000a\000s\000e\000t}{section.4}% 17
\BOOKMARK [2][-]{subsection.4.3}{\376\377\000T\000r\000a\000i\000n\000i\000n\000g\000\040}{section.4}% 18
\BOOKMARK [2][-]{subsection.4.4}{\376\377\000C\000o\000n\000v\000e\000r\000g\000e\000n\000c\000e\000\040\000a\000n\000a\000l\000y\000s\000i\000s\000\040\000a\000n\000d\000\040\000f\000i\000n\000a\000l\000\040\000q\000u\000a\000n\000t\000i\000t\000a\000t\000i\000v\000e\000\040\000r\000e\000s\000u\000l\000t\000s}{section.4}% 19
\BOOKMARK [1][-]{section.5}{\376\377\000C\000O\000N\000C\000L\000U\000S\000I\000O\000N}{}% 20
\BOOKMARK [2][-]{subsection.5.1}{\376\377\000N\000e\000t\000w\000o\000r\000k\000s\000\040\000C\000o\000m\000p\000a\000r\000i\000s\000o\000n}{section.5}% 21
\BOOKMARK [2][-]{subsection.5.2}{\376\377\000S\000u\000m\000m\000a\000r\000y}{section.5}% 22
\BOOKMARK [2][-]{subsection.5.3}{\376\377\000F\000u\000t\000u\000r\000e\000\040\000w\000o\000r\000k\000s}{section.5}% 23
\BOOKMARK [1][-]{section*.1}{\376\377\000R\000e\000f\000e\000r\000e\000n\000c\000e\000s}{}% 24
